// Jest Snapshot v1, https://goo.gl/fbAQLP

exports[`Site: Input Basic Usage 1`] = `
Object {
  "docs": "Styles or abstracts HTML input elements.",
  "html": "<input
  placeholder=\\"Input\\"
  color=\\"white\\"
  class=\\"drac-input drac-input-white drac-text-white\\"
/>
",
  "react": "<Input placeholder=\\"Input\\" color=\\"white\\" />;
",
  "title": "Usage",
}
`;

exports[`Site: Input Colors 1`] = `
Object {
  "docs": "Inputs can be customized to use any of the Dracula UI theme colors.",
  "html": "<div class=\\"drac-box\\">
  <input
    color=\\"purple\\"
    placeholder=\\"purple\\"
    m=\\"xs\\"
    class=\\"drac-input drac-input-purple drac-text-purple drac-m-xs\\"
  /><input
    color=\\"green\\"
    placeholder=\\"green\\"
    m=\\"xs\\"
    class=\\"drac-input drac-input-green drac-text-green drac-m-xs\\"
  />
</div>
",
  "react": "<Box>
  <Input color=\\"purple\\" placeholder=\\"purple\\" m=\\"xs\\" />
  <Input color=\\"green\\" placeholder=\\"green\\" m=\\"xs\\" />
</Box>;
",
  "title": "Colors",
}
`;

exports[`Site: Input Sizes 1`] = `
Object {
  "docs": "Inputs can be customize to use several different sizes.",
  "html": "<div class=\\"drac-box\\">
  <input
    placeholder=\\"small\\"
    m=\\"xs\\"
    class=\\"drac-input drac-input-sm drac-m-xs\\"
  /><input placeholder=\\"medium\\" m=\\"xs\\" class=\\"drac-input drac-m-xs\\" /><input
    placeholder=\\"large\\"
    m=\\"xs\\"
    class=\\"drac-input drac-input-lg drac-m-xs\\"
  />
</div>
",
  "react": "<Box>
  <Input size=\\"small\\" placeholder=\\"small\\" m=\\"xs\\" />
  <Input size=\\"medium\\" placeholder=\\"medium\\" m=\\"xs\\" />
  <Input size=\\"large\\" placeholder=\\"large\\" m=\\"xs\\" />
</Box>;
",
  "title": "Sizes",
}
`;

exports[`Site: Input Variants 1`] = `
Object {
  "docs": "Use the \`outline\` variant to represent subtler text Inputs",
  "html": "<div class=\\"drac-box\\">
  <input
    variant=\\"normal\\"
    placeholder=\\"normal\\"
    m=\\"xs\\"
    class=\\"drac-input drac-m-xs\\"
  /><input
    variant=\\"outline\\"
    placeholder=\\"outline\\"
    m=\\"xs\\"
    class=\\"drac-input drac-input-outline drac-m-xs\\"
  />
</div>
",
  "react": "<Box>
  <Input variant=\\"normal\\" placeholder=\\"normal\\" m=\\"xs\\" />
  <Input variant=\\"outline\\" placeholder=\\"outline\\" m=\\"xs\\" />
</Box>;
",
  "title": "Variants",
}
`;
